Server running at http://localhost:8000
Screenshots saved: desktop_view.png, mobile_view.png
